2025-11-13 13:51:17,417 - INFO - Starting geometry() built 
 width_ridge: 2.5e-06, 
 mmi_length:5e-05
2025-11-13 13:52:00,598 - INFO - Starting geometry() built 
 width_ridge: 2.5e-06, 
 mmi_length:5e-05
2025-11-13 14:05:48,581 - INFO - Starting geometry() built 
 width_ridge: 2.5e-06, 
 mmi_length:5e-05
2025-11-13 14:06:26,454 - INFO - Starting geometry() built 
 width_ridge: 2.5e-06, 
 mmi_length:5e-05
2025-11-13 14:07:37,528 - INFO - Starting geometry() built 
 width_ridge: 2.5e-06, 
 mmi_length:5e-05
2025-11-13 14:07:51,699 - INFO - Starting geometry() built 
 width_ridge: 2.5e-06, 
 mmi_length:5e-05
2025-11-13 14:09:11,252 - INFO - Starting geometry() built 
 width_ridge: 2.5e-06, 
 mmi_length:5e-05
2025-11-13 17:18:30,782 - INFO - Starting geometry() built 
 width_ridge: 2.5e-06, 
 mmi_length:5e-05
2025-11-13 17:23:02,581 - INFO - Starting geometry() built 
 width_ridge: 2.5e-06, 
 mmi_length:5e-05
2025-11-13 17:40:25,060 - INFO - Starting geometry() built 
 width_ridge: 2.5e-06, 
 mmi_length:1e-05
2025-11-13 17:41:51,157 - INFO - Starting geometry() built 
 width_ridge: 2.5e-06, 
 mmi_length:1e-05
2025-11-13 17:47:23,136 - INFO - Starting geometry() built 
 width_ridge: 2.5e-06, 
 mmi_length:1.5e-05
2025-11-13 17:54:06,614 - INFO - Starting geometry() built 
 width_ridge: 2.5e-06, 
 mmi_length:4.5e-05
2025-11-13 17:56:37,140 - INFO - Starting geometry() built 
 width_ridge: 2.5e-06, 
 mmi_length:4.5e-05
2025-11-13 17:57:28,800 - INFO - Starting geometry() built 
 width_ridge: 2.5e-06, 
 mmi_length:5e-05
2025-11-13 17:59:44,703 - INFO - Starting geometry() built 
 width_ridge: 2.5e-06, 
 mmi_length:4e-05
2026-01-24 22:49:48,840 - INFO - Starting geometry() built 
 width_ridge: 1e-06, 
 mmi_length:1e-05
2026-04-29 09:49:22,914 - INFO - Starting geometry() built 
 width_ridge: 0.9000000000000004, 
 mmi_length:0.0001
2026-04-29 09:50:46,108 - INFO - Starting geometry() built 
 width_ridge: 6.9e-06, 
 mmi_length:0.0001
