2025-11-13 13:51:17,417 - INFO - Starting geometry() built 
 width_ridge: 2.5e-06, 
 mmi_length:5e-05
2025-11-13 13:52:00,598 - INFO - Starting geometry() built 
 width_ridge: 2.5e-06, 
 mmi_length:5e-05
2025-11-13 14:05:48,581 - INFO - Starting geometry() built 
 width_ridge: 2.5e-06, 
 mmi_length:5e-05
2025-11-13 14:06:26,454 - INFO - Starting geometry() built 
 width_ridge: 2.5e-06, 
 mmi_length:5e-05
2025-11-13 14:07:37,528 - INFO - Starting geometry() built 
 width_ridge: 2.5e-06, 
 mmi_length:5e-05
2025-11-13 14:07:51,699 - INFO - Starting geometry() built 
 width_ridge: 2.5e-06, 
 mmi_length:5e-05
2025-11-13 14:09:11,252 - INFO - Starting geometry() built 
 width_ridge: 2.5e-06, 
 mmi_length:5e-05
2025-11-13 17:18:30,782 - INFO - Starting geometry() built 
 width_ridge: 2.5e-06, 
 mmi_length:5e-05
2025-11-13 17:23:02,581 - INFO - Starting geometry() built 
 width_ridge: 2.5e-06, 
 mmi_length:5e-05
2025-11-13 17:40:25,060 - INFO - Starting geometry() built 
 width_ridge: 2.5e-06, 
 mmi_length:1e-05
2025-11-13 17:41:51,157 - INFO - Starting geometry() built 
 width_ridge: 2.5e-06, 
 mmi_length:1e-05
2025-11-24 17:21:39,242 - INFO - Starting geometry() built 
 width_ridge: 3.6e-06, 
 mmi_length:1.5e-05
2025-11-24 17:24:03,234 - INFO - Starting geometry() built 
 width_ridge: 3.6e-06, 
 mmi_length:1.5e-05
2026-01-16 16:53:01,528 - INFO - Starting geometry() built 
 width_ridge: 3.6e-06, 
 mmi_length:1.5e-05
2026-01-16 16:54:57,977 - INFO - Starting geometry() built 
 width_ridge: 2.5e-06, 
 mmi_length:1.5e-05
2026-02-27 16:52:05,300 - INFO - Starting geometry() built 
 width_ridge: 4.4e-06, 
 mmi_length:1.5e-05
2026-03-06 21:47:17,327 - INFO - Starting geometry() built 
 width_ridge: 5.4e-06, 
 mmi_length:1.5e-05
2026-03-25 17:36:22,294 - INFO - Starting geometry() built 
 width_ridge: 5.4e-06, 
 mmi_length:1.5e-05
2026-03-25 17:37:53,837 - INFO - Starting geometry() built 
 width_ridge: 1e-05, 
 mmi_length:3e-05
2026-03-25 17:39:08,151 - INFO - Starting geometry() built 
 width_ridge: 2e-05, 
 mmi_length:3e-05
2026-04-04 10:20:57,627 - INFO - Starting geometry() built 
 width_ridge: 3e-06, 
 mmi_length:3e-05
2026-04-04 10:30:18,785 - INFO - Starting geometry() built 
 width_ridge: 3e-06, 
 mmi_length:3e-05
2026-04-06 19:40:34,716 - INFO - Starting geometry() built 
 width_ridge: 3e-06, 
 mmi_length:3e-05
2026-04-06 19:46:53,871 - INFO - Starting geometry() built 
 width_ridge: 3e-06, 
 mmi_length:5e-05
2026-04-06 19:47:04,141 - INFO - Starting geometry() built 
 width_ridge: 3e-06, 
 mmi_length:5e-05
2026-04-06 20:25:56,736 - INFO - Starting geometry() built 
 width_ridge: 3e-06, 
 mmi_length:5e-05
2026-04-06 20:28:11,198 - INFO - Starting geometry() built 
 width_ridge: 3e-06, 
 mmi_length:3e-05
2026-04-06 20:31:06,449 - INFO - Starting geometry() built 
 width_ridge: 3e-06, 
 mmi_length:3e-05
2026-04-06 20:33:01,852 - INFO - Starting geometry() built 
 width_ridge: 3e-06, 
 mmi_length:3e-05
2026-04-06 20:46:31,852 - INFO - Starting geometry() built 
 width_ridge: 3e-06, 
 mmi_length:3e-05
